Block {
    statements: [
        Function {
            name: "main",
            params: [
                LuauParam {
                    name: "a",
                    typ: "number",
                    is_ref: false,
                },
            ],
            ret_type: Some(
                LuauType {
                    type_name: "boolean",
                },
            ),
            body: Block {
                statements: [
                    If {
                        condition: BinaryOp {
                            op: "==",
                            left: Value(
                                "a",
                            ),
                            right: Value(
                                "1",
                            ),
                        },
                        then_branch: Block {
                            statements: [
                                Return {
                                    value: Some(
                                        Value(
                                            "true",
                                        ),
                                    ),
                                },
                            ],
                        },
                        else_branch: Some(
                            If {
                                condition: BinaryOp {
                                    op: "==",
                                    left: Value(
                                        "a",
                                    ),
                                    right: Value(
                                        "2",
                                    ),
                                },
                                then_branch: Block {
                                    statements: [
                                        Return {
                                            value: Some(
                                                Value(
                                                    "false",
                                                ),
                                            ),
                                        },
                                    ],
                                },
                                else_branch: Some(
                                    Block {
                                        statements: [
                                            Return {
                                                value: Some(
                                                    Value(
                                                        "true",
                                                    ),
                                                ),
                                            },
                                        ],
                                    },
                                ),
                            },
                        ),
                    },
                ],
            },
        },
    ],
}